
[7m[1m[36m RUN [39m[22m[27m [36mv1.6.1[39m [90mD:/Git/textor[39m

[90mstdout[2m | test/move-rename.test.js[2m > [22m[2mMove Section with Renaming[2m > [22m[2mshould rename feature file and update component name when moving section[22m[39m
✓ Textor configuration created at: D:\Git\textor\temp-move-rename-test\.textor\config.json

Default configuration:
{
  "paths": {
    "pages": "src/pages",
    "features": "src/features",
    "components": "src/components",
    "layouts": "src/layouts"
  },
  "routing": {
    "mode": "flat",
    "indexFile": "index.astro"
  },
  "importAliases": {},
  "naming": {
    "routeExtension": ".astro",
    "featureExtension": ".astro",
    "componentExtension": ".tsx",
    "hookExtension": ".ts",
    "testExtension": ".test.tsx"
  },
  "signatures": {
    "astro": "<!-- @generated by Textor -->",
    "typescript": "// @generated by Textor",
    "javascript": "// @generated by Textor",
    "tsx": "// @generated by Textor"
  },
  "features": {
    "framework": "astro",
    "entry": "pascal",
    "createSubComponentsDir": true,
    "createScriptsDir": true,
    "scriptsIndexFile": "scripts/index.ts",
    "createApi": false,
    "createServices": false,
    "createSchemas": false,
    "createHooks": false,
    "createContext": false,
    "createTests": false,
    "createTypes": false,
    "createReadme": false,
    "createStories": false,
    "createIndex": false
  },
  "components": {
    "framework": "react",
    "createSubComponentsDir": true,
    "createContext": true,
    "createHook": true,
    "createTests": true,
    "createConfig": true,
    "createConstants": true,
    "createTypes": true,
    "createApi": false,
    "createServices": false,
    "createSchemas": false,
    "createReadme": false,
    "createStories": false
  },
  "formatting": {
    "tool": "none"
  },
  "hashing": {
    "normalization": "normalizeEOL",
    "useMarkers": false
  },
  "git": {
    "requireCleanRepo": false,
    "stageChanges": false
  },
  "kindRules": [],
  "presets": {
    "minimal": {
      "features": {
        "createSubComponentsDir": false,
        "createScriptsDir": false
      },
      "components": {
        "createSubComponentsDir": false,
        "createContext": false,
        "createHook": false,
        "createTests": false,
        "createConfig": false,
        "createConstants": false,
        "createTypes": false
      }
    },
    "standard": {
      "features": {
        "createSubComponentsDir": true,
        "createScriptsDir": true
      },
      "components": {
        "createSubComponentsDir": true,
        "createContext": true,
        "createHook": true,
        "createTests": true,
        "createConfig": true,
        "createConstants": true,
        "createTypes": true
      }
    },
    "senior": {
      "features": {
        "createSubComponentsDir": true,
        "createScriptsDir": true,
        "createApi": true,
        "createServices": true,
        "createSchemas": true,
        "createHooks": true,
        "createContext": true,
        "createTests": true,
        "createTypes": true,
        "createReadme": true,
        "createStories": true,
        "createIndex": true
      },
      "components": {
        "createSubComponentsDir": true,
        "createContext": true,
        "createHook": true,
        "createTests": true,
        "createConfig": true,
        "createConstants": true,
        "createTypes": true,
        "createApi": true,
        "createServices": true,
        "createSchemas": true,
        "createReadme": true,
        "createStories": true
      }
    }
  },
  "defaultPreset": "standard"
}

You can now use Textor commands like:
  textor add-section /users users/catalog --layout Main

[90mstdout[2m | test/move-rename.test.js[2m > [22m[2mMove Section with Renaming[2m > [22m[2mshould rename feature file and update component name when moving section[22m[39m
✓ Section created successfully:
  Route: D:\Git\textor\temp-move-rename-test\src\pages\old.astro
  Feature: D:\Git\textor\temp-move-rename-test\src\features\OldFeature\OldFeature.astro
  Sub-components: D:\Git\textor\temp-move-rename-test\src\features\OldFeature\sub-components/
  Scripts: D:\Git\textor\temp-move-rename-test\src\features\OldFeature\scripts\index.ts
  Hooks: D:\Git\textor\temp-move-rename-test\src\features\OldFeature\hooks\useOldFeature.ts

[90mstdout[2m | test/move-rename.test.js[2m > [22m[2mMove Section with Renaming[2m > [22m[2mshould rename feature file and update component name when moving section[22m[39m
✓ Moved:
  D:\Git\textor\temp-move-rename-test\src\pages\old.astro
  -> D:\Git\textor\temp-move-rename-test\src\pages\new.astro
  D:\Git\textor\temp-move-rename-test\src\features\OldFeature
  -> D:\Git\textor\temp-move-rename-test\src\features\NewFeature

[90mstdout[2m | test/move-rename.test.js[2m > [22m[2mMove Section with Renaming[2m > [22m[2mshould automatically derive new feature name from new route in state-aware move[22m[39m
✓ Textor configuration created at: D:\Git\textor\temp-move-rename-test\.textor\config.json

Default configuration:
{
  "paths": {
    "pages": "src/pages",
    "features": "src/features",
    "components": "src/components",
    "layouts": "src/layouts"
  },
  "routing": {
    "mode": "flat",
    "indexFile": "index.astro"
  },
  "importAliases": {},
  "naming": {
    "routeExtension": ".astro",
    "featureExtension": ".astro",
    "componentExtension": ".tsx",
    "hookExtension": ".ts",
    "testExtension": ".test.tsx"
  },
  "signatures": {
    "astro": "<!-- @generated by Textor -->",
    "typescript": "// @generated by Textor",
    "javascript": "// @generated by Textor",
    "tsx": "// @generated by Textor"
  },
  "features": {
    "framework": "astro",
    "entry": "pascal",
    "createSubComponentsDir": true,
    "createScriptsDir": true,
    "scriptsIndexFile": "scripts/index.ts",
    "createApi": false,
    "createServices": false,
    "createSchemas": false,
    "createHooks": false,
    "createContext": false,
    "createTests": false,
    "createTypes": false,
    "createReadme": false,
    "createStories": false,
    "createIndex": false
  },
  "components": {
    "framework": "react",
    "createSubComponentsDir": true,
    "createContext": true,
    "createHook": true,
    "createTests": true,
    "createConfig": true,
    "createConstants": true,
    "createTypes": true,
    "createApi": false,
    "createServices": false,
    "createSchemas": false,
    "createReadme": false,
    "createStories": false
  },
  "formatting": {
    "tool": "none"
  },
  "hashing": {
    "normalization": "normalizeEOL",
    "useMarkers": false
  },
  "git": {
    "requireCleanRepo": false,
    "stageChanges": false
  },
  "kindRules": [],
  "presets": {
    "minimal": {
      "features": {
        "createSubComponentsDir": false,
        "createScriptsDir": false
      },
      "components": {
        "createSubComponentsDir": false,
        "createContext": false,
        "createHook": false,
        "createTests": false,
        "createConfig": false,
        "createConstants": false,
        "createTypes": false
      }
    },
    "standard": {
      "features": {
        "createSubComponentsDir": true,
        "createScriptsDir": true
      },
      "components": {
        "createSubComponentsDir": true,
        "createContext": true,
        "createHook": true,
        "createTests": true,
        "createConfig": true,
        "createConstants": true,
        "createTypes": true
      }
    },
    "senior": {
      "features": {
        "createSubComponentsDir": true,
        "createScriptsDir": true,
        "createApi": true,
        "createServices": true,
        "createSchemas": true,
        "createHooks": true,
        "createContext": true,
        "createTests": true,
        "createTypes": true,
        "createReadme": true,
        "createStories": true,
        "createIndex": true
      },
      "components": {
        "createSubComponentsDir": true,
        "createContext": true,
        "createHook": true,
        "createTests": true,
        "createConfig": true,
        "createConstants": true,
        "createTypes": true,
        "createApi": true,
        "createServices": true,
        "createSchemas": true,
        "createReadme": true,
        "createStories": true
      }
    }
  },
  "defaultPreset": "standard"
}

You can now use Textor commands like:
  textor add-section /users users/catalog --layout Main

[90mstdout[2m | test/move-rename.test.js[2m > [22m[2mMove Section with Renaming[2m > [22m[2mshould automatically derive new feature name from new route in state-aware move[22m[39m
✓ Section created successfully:
  Route: D:\Git\textor\temp-move-rename-test\src\pages\products.astro
  Feature: D:\Git\textor\temp-move-rename-test\src\features\products\Products.astro
  Sub-components: D:\Git\textor\temp-move-rename-test\src\features\products\sub-components/
  Scripts: D:\Git\textor\temp-move-rename-test\src\features\products\scripts\index.ts

[90mstdout[2m | test/move-rename.test.js[2m > [22m[2mMove Section with Renaming[2m > [22m[2mshould automatically derive new feature name from new route in state-aware move[22m[39m
✓ Moved:
  D:\Git\textor\temp-move-rename-test\src\pages\products.astro
  -> D:\Git\textor\temp-move-rename-test\src\pages\shop.astro
  D:\Git\textor\temp-move-rename-test\src\features\products
  -> D:\Git\textor\temp-move-rename-test\src\features\shop

 [33m❯[39m test/move-rename.test.js [2m ([22m[2m2 tests[22m [2m|[22m [31m1 failed[39m[2m)[22m[90m 64[2mms[22m[39m
[31m   [33m❯[31m test/move-rename.test.js[2m > [22mMove Section with Renaming[2m > [22mshould rename feature file and update component name when moving section[39m
[31m     → expected '<!-- @generated by Textor -->\n---\ni…' to contain 'import NewFeature from \'../features/…'[39m

[2m Test Files [22m [1m[31m1 failed[39m[22m[90m (1)[39m
[2m      Tests [22m [1m[31m1 failed[39m[22m[2m | [22m[1m[32m1 passed[39m[22m[90m (2)[39m
[2m   Start at [22m 12:41:10
[2m   Duration [22m 385ms[2m (transform 31ms, setup 0ms, collect 47ms, tests 64ms, environment 0ms, prepare 86ms)[22m

